[demo.createdbycocoon.com/moodle/edumy/2/course/index2d19.html]
[backblue.gif]
[fade.gif]
[index.html]
[demo.createdbycocoon.com/moodle/edumy/2/theme/combo4bf2]
[demo.createdbycocoon.com/moodle/edumy/2/theme/edumy/style/bootstrap.min.css]
[demo.createdbycocoon.com/moodle/edumy/2/theme/edumy/style/cocoon.css]
[demo.createdbycocoon.com/moodle/edumy/2/theme/edumy/style/responsive.css]
[demo.createdbycocoon.com/moodle/edumy/2/theme/edumy/style/cocoon-mdl.css]
[www.google-analytics.com/analytics.js]
[demo.createdbycocoon.com/moodle/edumy/2/theme/edumy/style/cocoon-dashboard.css]
[demo.createdbycocoon.com/moodle/edumy/2/pluginfile.php/1/theme_edumy/headerlogo1/1583196004/header-logo.png]
[demo.createdbycocoon.com/moodle/edumy/2/pluginfile.php/1/theme_edumy/headerlogo2/1583196004/header-logo2.png]
[demo.createdbycocoon.com/moodle/edumy/2/course/indexbc66.html]
[demo.createdbycocoon.com/moodle/edumy/2/course/index.html]
[demo.createdbycocoon.com/moodle/edumy/2/theme/comboabf9]
[demo.createdbycocoon.com/moodle/edumy/2/lib/javascript.php/1583196004/lib/javascript.php]
[demo.createdbycocoon.com/moodle/edumy/2/pluginfile.php/156/course/overviewfiles/t8.jpg]
[demo.createdbycocoon.com/moodle/edumy/2/course/view0055.html]
[demo.createdbycocoon.com/moodle/edumy/2/pluginfile.php/155/course/overviewfiles/t7.jpg]
[demo.createdbycocoon.com/moodle/edumy/2/course/viewf41b.html]
[demo.createdbycocoon.com/moodle/edumy/2/pluginfile.php/154/course/overviewfiles/t6.jpg]
[demo.createdbycocoon.com/moodle/edumy/2/course/view5255.html]
[demo.createdbycocoon.com/moodle/edumy/2/pluginfile.php/150/course/overviewfiles/t3.jpg]
[demo.createdbycocoon.com/moodle/edumy/2/course/view3a9f.html]
[demo.createdbycocoon.com/moodle/edumy/2/pluginfile.php/152/course/overviewfiles/t4.jpg]
[demo.createdbycocoon.com/moodle/edumy/2/course/view8803.html]
[demo.createdbycocoon.com/moodle/edumy/2/pluginfile.php/153/course/overviewfiles/t5.jpg]
[demo.createdbycocoon.com/moodle/edumy/2/course/viewc3c9.html]
[demo.createdbycocoon.com/moodle/edumy/2/pluginfile.php/170/course/overviewfiles/t1.jpg]
[demo.createdbycocoon.com/moodle/edumy/2/course/view4ef9.html]
[demo.createdbycocoon.com/moodle/edumy/2/pluginfile.php/176/course/overviewfiles/t7.jpg]
[demo.createdbycocoon.com/moodle/edumy/2/course/viewe371.html]
[demo.createdbycocoon.com/moodle/edumy/2/pluginfile.php/175/course/overviewfiles/t6.jpg]
[demo.createdbycocoon.com/moodle/edumy/2/course/view190a.html]
[demo.createdbycocoon.com/moodle/edumy/2/pluginfile.php/174/course/overviewfiles/t5.jpg]
[demo.createdbycocoon.com/moodle/edumy/2/course/view2728.html]
[demo.createdbycocoon.com/moodle/edumy/2/pluginfile.php/173/course/overviewfiles/t4.jpg]
[demo.createdbycocoon.com/moodle/edumy/2/course/view7429.html]
[demo.createdbycocoon.com/moodle/edumy/2/pluginfile.php/172/course/overviewfiles/t3.jpg]
[demo.createdbycocoon.com/moodle/edumy/2/course/view87f1.html]
[demo.createdbycocoon.com/moodle/edumy/2/pluginfile.php/171/course/overviewfiles/t2.jpg]
[demo.createdbycocoon.com/moodle/edumy/2/course/view6e03.html]
[demo.createdbycocoon.com/moodle/edumy/2/course/indexf4bf.html]
[demo.createdbycocoon.com/moodle/edumy/2/course/index5308.html]
[demo.createdbycocoon.com/moodle/edumy/2/course/index186a.html]
[demo.createdbycocoon.com/moodle/edumy/2/course/index9ef2.html]
[demo.createdbycocoon.com/moodle/edumy/2/course/indexc8f3.html]
[demo.createdbycocoon.com/moodle/edumy/2/course/indexf931.html]
[demo.createdbycocoon.com/moodle/edumy/2/pluginfile.php/145/block_cocoon_course_info/content/2.png]
[demo.createdbycocoon.com/moodle/edumy/2/pluginfile.php/1/theme_edumy/footerlogo1/1583196004/header-logo.png]
[demo.createdbycocoon.com/moodle/edumy/2/theme/edumy/javascript/jquery-3.3.1.js]
[demo.createdbycocoon.com/moodle/edumy/2/theme/edumy/javascript/jquery-migrate-3.0.0.min.js]
[demo.createdbycocoon.com/moodle/edumy/2/theme/edumy/javascript/cocoon.preprocess.js]
[demo.createdbycocoon.com/moodle/edumy/2/theme/edumy/javascript/jquery.mmenu.all.js]
[demo.createdbycocoon.com/moodle/edumy/2/theme/edumy/javascript/ace-responsive-menu.js]
[demo.createdbycocoon.com/moodle/edumy/2/theme/edumy/javascript/bootstrap-select.min.js]
[demo.createdbycocoon.com/moodle/edumy/2/theme/edumy/javascript/isotop.js]
[demo.createdbycocoon.com/moodle/edumy/2/theme/edumy/javascript/snackbar.min.js]
[demo.createdbycocoon.com/moodle/edumy/2/theme/edumy/javascript/simplebar.js]
[demo.createdbycocoon.com/moodle/edumy/2/theme/edumy/javascript/parallax.js]
[demo.createdbycocoon.com/moodle/edumy/2/theme/edumy/javascript/scrollto.js]
[demo.createdbycocoon.com/moodle/edumy/2/theme/edumy/javascript/jquery-scrolltofixed-min.js]
[demo.createdbycocoon.com/moodle/edumy/2/theme/edumy/javascript/jquery.counterup.js]
[demo.createdbycocoon.com/moodle/edumy/2/theme/edumy/javascript/wow.min.js]
[demo.createdbycocoon.com/moodle/edumy/2/theme/edumy/javascript/progressbar.js]
[demo.createdbycocoon.com/moodle/edumy/2/theme/edumy/javascript/slider.js]
[demo.createdbycocoon.com/moodle/edumy/2/theme/edumy/javascript/timepicker.js]
[demo.createdbycocoon.com/moodle/edumy/2/theme/edumy/javascript/script.js]
[demo.createdbycocoon.com/moodle/edumy/2/course/index2d19.html]
[demo.createdbycocoon.com/moodle/edumy/2/lib/javascript.php/1583196004/lib/requirejs/javascript.php]
[demo.createdbycocoon.com/moodle/edumy/2/theme/sprite_icons488d.png]
[demo.createdbycocoon.com/moodle/edumy/2/theme/combo4bf2]
[demo.createdbycocoon.com/moodle/edumy/2/theme/edumy/style/bootstrap.min.css]
[demo.createdbycocoon.com/moodle/edumy/2/theme/edumy/style/jquery-ui.min.css]
[demo.createdbycocoon.com/moodle/edumy/2/theme/edumy/style/font-awesome.min.css]
[demo.createdbycocoon.com/moodle/edumy/2/theme/edumy/style/font-awesome-animation.min.css]
[demo.createdbycocoon.com/moodle/edumy/2/theme/edumy/style/menu.css]
[demo.createdbycocoon.com/moodle/edumy/2/theme/edumy/style/ace-responsive-menu.css]
[demo.createdbycocoon.com/moodle/edumy/2/theme/edumy/style/megadropdown.css]
[demo.createdbycocoon.com/moodle/edumy/2/theme/edumy/style/bootstrap-select.min.css]
[demo.createdbycocoon.com/moodle/edumy/2/theme/edumy/style/simplebar.min.css]
[demo.createdbycocoon.com/moodle/edumy/2/theme/edumy/style/progressbar.css]
[demo.createdbycocoon.com/moodle/edumy/2/theme/edumy/style/flaticon.css]
[demo.createdbycocoon.com/moodle/edumy/2/theme/edumy/style/animate.css]
[demo.createdbycocoon.com/moodle/edumy/2/theme/edumy/style/slider.css]
[demo.createdbycocoon.com/moodle/edumy/2/theme/edumy/style/magnific-popup.css]
[demo.createdbycocoon.com/moodle/edumy/2/theme/edumy/style/timecounter.css]
[demo.createdbycocoon.com/moodle/edumy/2/theme/edumy/images/background/6.jpg]
[demo.createdbycocoon.com/moodle/edumy/2/theme/edumy/images/home/wave2.png]
[demo.createdbycocoon.com/moodle/edumy/2/theme/edumy/images/home/wave3.png]
[demo.createdbycocoon.com/moodle/edumy/2/theme/edumy/images/background/7.jpg]
[demo.createdbycocoon.com/moodle/edumy/2/theme/edumy/images/home/wave4.png]
[demo.createdbycocoon.com/moodle/edumy/2/theme/edumy/images/home/wave5.png]
[demo.createdbycocoon.com/moodle/edumy/2/theme/edumy/images/background/3.jpg]
[demo.createdbycocoon.com/moodle/edumy/2/theme/edumy/images/background/1.png]
[demo.createdbycocoon.com/moodle/edumy/2/theme/edumy/images/background/3.png]
[demo.createdbycocoon.com/moodle/edumy/2/theme/edumy/images/background/inner-pagebg.jpg]
[demo.createdbycocoon.com/moodle/edumy/2/theme/edumy/images/team/upload_photo.jpg]
[demo.createdbycocoon.com/moodle/edumy/2/theme/edumy/images/background/2.jpg]
[demo.createdbycocoon.com/moodle/edumy/2/theme/edumy/images/background/5.jpg]
[demo.createdbycocoon.com/moodle/edumy/2/theme/edumy/images/background/8.jpg]
[demo.createdbycocoon.com/moodle/edumy/2/theme/edumy/images/preloader.gif]
[demo.createdbycocoon.com/moodle/edumy/2/theme/edumy/images/background/2.png]
[demo.createdbycocoon.com/moodle/edumy/2/theme/edumy/style/cocoon.css]
[demo.createdbycocoon.com/moodle/edumy/2/theme/edumy/style/responsive.css]
[demo.createdbycocoon.com/moodle/edumy/2/theme/edumy/style/cocoon-mdl.css]
[demo.createdbycocoon.com/moodle/edumy/2/theme/edumy/style/cocoon-dashboard.css]
[demo.createdbycocoon.com/moodle/edumy/2/pluginfile.php/148/course/overviewfiles/t2.jpg]
[demo.createdbycocoon.com/moodle/edumy/2/course/viewd61c.html]
[demo.createdbycocoon.com/moodle/edumy/2/pluginfile.php/146/course/overviewfiles/t1.jpg]
[demo.createdbycocoon.com/moodle/edumy/2/course/indexbc66.html]
[demo.createdbycocoon.com/moodle/edumy/2/course/viewdcfd.html]
[demo.createdbycocoon.com/moodle/edumy/2/pluginfile.php/180/course/overviewfiles/t3.jpg]
[demo.createdbycocoon.com/moodle/edumy/2/pluginfile.php/188/course/overviewfiles/t4.jpg]
[demo.createdbycocoon.com/moodle/edumy/2/pluginfile.php/198/course/overviewfiles/t7.jpg]
[demo.createdbycocoon.com/moodle/edumy/2/pluginfile.php/203/course/overviewfiles/t5.jpg]
[demo.createdbycocoon.com/moodle/edumy/2/pluginfile.php/207/course/overviewfiles/t2.jpg]
[demo.createdbycocoon.com/moodle/edumy/2/pluginfile.php/218/course/overviewfiles/t6.jpg]
[demo.createdbycocoon.com/moodle/edumy/2/course/index.html]
[demo.createdbycocoon.com/moodle/edumy/2/user/pix.php/1/f1.jpg]
[demo.createdbycocoon.com/moodle/edumy/2/user/pix.php/1/f1.jpg]
[demo.createdbycocoon.com/moodle/edumy/2/pluginfile.php/162/block_cocoon_course_intro/content/4.png]
[demo.createdbycocoon.com/moodle/edumy/2/pluginfile.php/164/block_cocoon_course_instructor/content/6.png]
[demo.createdbycocoon.com/moodle/edumy/2/course/view0717.html]
[demo.createdbycocoon.com/moodle/edumy/2/pluginfile.php/169/block_cocoon_course_info/content/2.png]
[demo.createdbycocoon.com/moodle/edumy/2/course/view0055.html]
[demo.createdbycocoon.com/moodle/edumy/2/lib/javascript.php/1583196004/course/format/topics/javascript.php]
[demo.createdbycocoon.com/moodle/edumy/2/user/pix.php/1/f1.jpg]
[demo.createdbycocoon.com/moodle/edumy/2/user/pix.php/1/f1.jpg]
[demo.createdbycocoon.com/moodle/edumy/2/course/viewf41b.html]
[demo.createdbycocoon.com/moodle/edumy/2/course/view1173.html]
[demo.createdbycocoon.com/moodle/edumy/2/user/pix.php/1/f1.jpg]
[demo.createdbycocoon.com/moodle/edumy/2/user/pix.php/1/f1.jpg]
[demo.createdbycocoon.com/moodle/edumy/2/course/view6653.html]
[demo.createdbycocoon.com/moodle/edumy/2/course/view5255.html]
[demo.createdbycocoon.com/moodle/edumy/2/lib/javascript.php/1583196004/course/format/weeks/javascript.php]
[demo.createdbycocoon.com/moodle/edumy/2/user/pix.php/1/f1.jpg]
[demo.createdbycocoon.com/moodle/edumy/2/user/pix.php/1/f1.jpg]
[demo.createdbycocoon.com/moodle/edumy/2/course/view3a9f.html]
[demo.createdbycocoon.com/moodle/edumy/2/course/viewa634.html]
[demo.createdbycocoon.com/moodle/edumy/2/user/pix.php/1/f1.jpg]
[demo.createdbycocoon.com/moodle/edumy/2/user/pix.php/1/f1.jpg]
[demo.createdbycocoon.com/moodle/edumy/2/pluginfile.php/316/block_cocoon_course_intro/content/4.png]
[demo.createdbycocoon.com/moodle/edumy/2/course/view8803.html]
[demo.createdbycocoon.com/moodle/edumy/2/course/view980c.html]
[demo.createdbycocoon.com/moodle/edumy/2/user/pix.php/1/f1.jpg]
[demo.createdbycocoon.com/moodle/edumy/2/user/pix.php/1/f1.jpg]
[demo.createdbycocoon.com/moodle/edumy/2/pluginfile.php/315/block_cocoon_course_intro/content/4.png]
[demo.createdbycocoon.com/moodle/edumy/2/course/viewc3c9.html]
[demo.createdbycocoon.com/moodle/edumy/2/course/view755d.html]
[demo.createdbycocoon.com/moodle/edumy/2/user/pix.php/1/f1.e9.delayed]
[demo.createdbycocoon.com/moodle/edumy/2/course/view4ef9.html]
[demo.createdbycocoon.com/moodle/edumy/2/course/viewfcfc.html]
[demo.createdbycocoon.com/moodle/edumy/2/course/viewe371.html]
[demo.createdbycocoon.com/moodle/edumy/2/course/view8f71.html]
[demo.createdbycocoon.com/moodle/edumy/2/course/view190a.html]
[demo.createdbycocoon.com/moodle/edumy/2/course/view5e01.html]
[demo.createdbycocoon.com/moodle/edumy/2/course/view2728.html]
[demo.createdbycocoon.com/moodle/edumy/2/course/view2f26.html]
[demo.createdbycocoon.com/moodle/edumy/2/course/view7429.html]
[demo.createdbycocoon.com/moodle/edumy/2/course/view8ac2.html]
[demo.createdbycocoon.com/moodle/edumy/2/course/view87f1.html]
[demo.createdbycocoon.com/moodle/edumy/2/course/viewfb45.html]
[demo.createdbycocoon.com/moodle/edumy/2/course/view6e03.html]
[demo.createdbycocoon.com/moodle/edumy/2/course/viewc035.html]
[demo.createdbycocoon.com/moodle/edumy/2/course/view6258.html]
[demo.createdbycocoon.com/moodle/edumy/2/pluginfile.php/184/course/overviewfiles/t7.jpg]
[demo.createdbycocoon.com/moodle/edumy/2/course/view9e43.html]
[demo.createdbycocoon.com/moodle/edumy/2/pluginfile.php/183/course/overviewfiles/t6.jpg]
[demo.createdbycocoon.com/moodle/edumy/2/course/viewea25.html]
[demo.createdbycocoon.com/moodle/edumy/2/pluginfile.php/182/course/overviewfiles/t5.jpg]
[demo.createdbycocoon.com/moodle/edumy/2/course/view9c8a.html]
[demo.createdbycocoon.com/moodle/edumy/2/pluginfile.php/181/course/overviewfiles/t4.jpg]
[demo.createdbycocoon.com/moodle/edumy/2/course/view2e5f.html]
[demo.createdbycocoon.com/moodle/edumy/2/pluginfile.php/179/course/overviewfiles/t2.jpg]
[demo.createdbycocoon.com/moodle/edumy/2/course/viewe5cc.html]
[demo.createdbycocoon.com/moodle/edumy/2/pluginfile.php/178/course/overviewfiles/t1.jpg]
[demo.createdbycocoon.com/moodle/edumy/2/course/indexf4bf.html]
[demo.createdbycocoon.com/moodle/edumy/2/course/viewa9bc.html]
[demo.createdbycocoon.com/moodle/edumy/2/course/view95dc.html]
[demo.createdbycocoon.com/moodle/edumy/2/pluginfile.php/191/course/overviewfiles/t7.jpg]
[demo.createdbycocoon.com/moodle/edumy/2/course/viewdac1.html]
[demo.createdbycocoon.com/moodle/edumy/2/pluginfile.php/190/course/overviewfiles/t6.jpg]
[demo.createdbycocoon.com/moodle/edumy/2/course/view6fb5.html]
[demo.createdbycocoon.com/moodle/edumy/2/pluginfile.php/189/course/overviewfiles/t5.jpg]
[demo.createdbycocoon.com/moodle/edumy/2/course/view8bcf.html]
[demo.createdbycocoon.com/moodle/edumy/2/pluginfile.php/187/course/overviewfiles/t3.jpg]
[demo.createdbycocoon.com/moodle/edumy/2/course/view1434.html]
[demo.createdbycocoon.com/moodle/edumy/2/pluginfile.php/186/course/overviewfiles/t2.jpg]
[demo.createdbycocoon.com/moodle/edumy/2/course/view3773.html]
[demo.createdbycocoon.com/moodle/edumy/2/pluginfile.php/185/course/overviewfiles/t1.jpg]
[demo.createdbycocoon.com/moodle/edumy/2/course/index5308.html]
[demo.createdbycocoon.com/moodle/edumy/2/course/view3162.html]
[demo.createdbycocoon.com/moodle/edumy/2/course/view1e35.html]
[demo.createdbycocoon.com/moodle/edumy/2/pluginfile.php/197/course/overviewfiles/t6.jpg]
[demo.createdbycocoon.com/moodle/edumy/2/course/viewcdef.html]
[demo.createdbycocoon.com/moodle/edumy/2/pluginfile.php/196/course/overviewfiles/t5.jpg]
[demo.createdbycocoon.com/moodle/edumy/2/course/view4411.html]
[demo.createdbycocoon.com/moodle/edumy/2/pluginfile.php/195/course/overviewfiles/t4.jpg]
[demo.createdbycocoon.com/moodle/edumy/2/course/viewf62c.html]
[demo.createdbycocoon.com/moodle/edumy/2/pluginfile.php/194/course/overviewfiles/t3.jpg]
[demo.createdbycocoon.com/moodle/edumy/2/course/view40ac.html]
[demo.createdbycocoon.com/moodle/edumy/2/pluginfile.php/193/course/overviewfiles/t2.jpg]
[demo.createdbycocoon.com/moodle/edumy/2/course/viewd5e8.html]
[demo.createdbycocoon.com/moodle/edumy/2/pluginfile.php/192/course/overviewfiles/t1.jpg]
[demo.createdbycocoon.com/moodle/edumy/2/course/index186a.html]
[demo.createdbycocoon.com/moodle/edumy/2/course/viewef73.html]
[demo.createdbycocoon.com/moodle/edumy/2/course/viewa916.html]
[demo.createdbycocoon.com/moodle/edumy/2/pluginfile.php/205/course/overviewfiles/t7.jpg]
[demo.createdbycocoon.com/moodle/edumy/2/course/view084d.html]
[demo.createdbycocoon.com/moodle/edumy/2/pluginfile.php/204/course/overviewfiles/t6.jpg]
[demo.createdbycocoon.com/moodle/edumy/2/course/view98dc.html]
[demo.createdbycocoon.com/moodle/edumy/2/pluginfile.php/202/course/overviewfiles/t4.jpg]
[demo.createdbycocoon.com/moodle/edumy/2/course/view2580.html]
[demo.createdbycocoon.com/moodle/edumy/2/pluginfile.php/201/course/overviewfiles/t3.jpg]
[demo.createdbycocoon.com/moodle/edumy/2/course/view6396.html]
[demo.createdbycocoon.com/moodle/edumy/2/pluginfile.php/200/course/overviewfiles/t2.jpg]
[demo.createdbycocoon.com/moodle/edumy/2/course/view7df0.html]
[demo.createdbycocoon.com/moodle/edumy/2/pluginfile.php/199/course/overviewfiles/t1.jpg]
[demo.createdbycocoon.com/moodle/edumy/2/course/index9ef2.html]
[demo.createdbycocoon.com/moodle/edumy/2/course/viewab5e.html]
[demo.createdbycocoon.com/moodle/edumy/2/course/view4944.html]
[demo.createdbycocoon.com/moodle/edumy/2/pluginfile.php/212/course/overviewfiles/t7.jpg]
[demo.createdbycocoon.com/moodle/edumy/2/course/view3ca5.html]
[demo.createdbycocoon.com/moodle/edumy/2/pluginfile.php/211/course/overviewfiles/t6.jpg]
[demo.createdbycocoon.com/moodle/edumy/2/course/viewfddb.html]
[demo.createdbycocoon.com/moodle/edumy/2/pluginfile.php/210/course/overviewfiles/t5.jpg]
[demo.createdbycocoon.com/moodle/edumy/2/course/view7d36.html]
[demo.createdbycocoon.com/moodle/edumy/2/pluginfile.php/209/course/overviewfiles/t4.jpg]
[demo.createdbycocoon.com/moodle/edumy/2/course/view0c98.html]
[demo.createdbycocoon.com/moodle/edumy/2/pluginfile.php/208/course/overviewfiles/t3.jpg]
[demo.createdbycocoon.com/moodle/edumy/2/course/view2568.html]
[demo.createdbycocoon.com/moodle/edumy/2/pluginfile.php/206/course/overviewfiles/t1.jpg]
[demo.createdbycocoon.com/moodle/edumy/2/course/indexc8f3.html]
[demo.createdbycocoon.com/moodle/edumy/2/course/viewbb33.html]
[demo.createdbycocoon.com/moodle/edumy/2/course/view37ab.html]
[demo.createdbycocoon.com/moodle/edumy/2/pluginfile.php/219/course/overviewfiles/t7.jpg]
[demo.createdbycocoon.com/moodle/edumy/2/course/view011a.html]
[demo.createdbycocoon.com/moodle/edumy/2/pluginfile.php/217/course/overviewfiles/t5.jpg]
[demo.createdbycocoon.com/moodle/edumy/2/course/view48db.html]
[demo.createdbycocoon.com/moodle/edumy/2/pluginfile.php/216/course/overviewfiles/t4.jpg]
[demo.createdbycocoon.com/moodle/edumy/2/course/view850a.html]
[demo.createdbycocoon.com/moodle/edumy/2/pluginfile.php/215/course/overviewfiles/t3.jpg]
[demo.createdbycocoon.com/moodle/edumy/2/course/viewadbc.html]
[demo.createdbycocoon.com/moodle/edumy/2/pluginfile.php/214/course/overviewfiles/t2.jpg]
[demo.createdbycocoon.com/moodle/edumy/2/course/viewa9e4.html]
[demo.createdbycocoon.com/moodle/edumy/2/pluginfile.php/213/course/overviewfiles/t1.jpg]
[demo.createdbycocoon.com/moodle/edumy/2/course/indexf931.html]
[demo.createdbycocoon.com/moodle/edumy/2/course/view1e85.html]
[demo.createdbycocoon.com/moodle/edumy/2/theme/edumy/style/images/ui-icons_444444_256x240.png]
[demo.createdbycocoon.com/moodle/edumy/2/theme/edumy/style/images/ui-icons_777777_256x240.png]
[demo.createdbycocoon.com/moodle/edumy/2/theme/edumy/style/images/ui-icons_555555_256x240.png]
[demo.createdbycocoon.com/moodle/edumy/2/theme/edumy/style/images/ui-icons_ffffff_256x240.png]
[demo.createdbycocoon.com/moodle/edumy/2/theme/edumy/style/images/ui-icons_777620_256x240.png]
[demo.createdbycocoon.com/moodle/edumy/2/theme/edumy/style/images/ui-icons_cc0000_256x240.png]
[demo.createdbycocoon.com/moodle/edumy/2/theme/edumy/style/jquery-ui.min.css]
[demo.createdbycocoon.com/moodle/edumy/2/theme/edumy/style/font-awesome.min.css]
[demo.createdbycocoon.com/moodle/edumy/2/theme/edumy/style/font-awesome-animation.min.css]
[demo.createdbycocoon.com/moodle/edumy/2/theme/edumy/style/menu.css]
[demo.createdbycocoon.com/moodle/edumy/2/theme/edumy/style/ace-responsive-menu.css]
[demo.createdbycocoon.com/moodle/edumy/2/theme/edumy/style/megadropdown.css]
[demo.createdbycocoon.com/moodle/edumy/2/theme/edumy/style/bootstrap-select.min.css]
[demo.createdbycocoon.com/moodle/edumy/2/theme/edumy/style/simplebar.min.css]
[demo.createdbycocoon.com/moodle/edumy/2/theme/edumy/style/animated-overlay.gif]
[demo.createdbycocoon.com/moodle/edumy/2/theme/edumy/style/progressbar.css]
[demo.createdbycocoon.com/moodle/edumy/2/theme/edumy/style/Flaticon.svg]
[demo.createdbycocoon.com/moodle/edumy/2/theme/edumy/style/flaticon.css]
[demo.createdbycocoon.com/moodle/edumy/2/theme/edumy/style/animate.css]
[demo.createdbycocoon.com/moodle/edumy/2/theme/edumy/style/owl.video.play.png]
[demo.createdbycocoon.com/moodle/edumy/2/theme/edumy/style/ajax-loader.gif]
[demo.createdbycocoon.com/moodle/edumy/2/theme/edumy/style/slider.css]
[demo.createdbycocoon.com/moodle/edumy/2/theme/edumy/style/lightbox/close.png]
[demo.createdbycocoon.com/moodle/edumy/2/theme/edumy/style/lightbox/loading.gif]
[demo.createdbycocoon.com/moodle/edumy/2/theme/edumy/style/lightbox/prev.png]
[demo.createdbycocoon.com/moodle/edumy/2/theme/edumy/style/lightbox/next.png]
[demo.createdbycocoon.com/moodle/edumy/2/theme/edumy/style/magnific-popup.css]
[demo.createdbycocoon.com/moodle/edumy/2/theme/edumy/style/timecounter.css]
[demo.createdbycocoon.com/moodle/edumy/2/course/viewd61c.html]
[demo.createdbycocoon.com/moodle/edumy/2/course/viewcbff.html]
[demo.createdbycocoon.com/moodle/edumy/2/course/viewdcfd.html]
[demo.createdbycocoon.com/moodle/edumy/2/course/view94cc.html]
[demo.createdbycocoon.com/moodle/edumy/2/course/view0717.html]
[demo.createdbycocoon.com/moodle/edumy/2/course/view1173.html]
[demo.createdbycocoon.com/moodle/edumy/2/course/view6653.html]
[demo.createdbycocoon.com/moodle/edumy/2/course/viewa634.html]
[demo.createdbycocoon.com/moodle/edumy/2/course/view980c.html]
[demo.createdbycocoon.com/moodle/edumy/2/course/view755d.html]
[demo.createdbycocoon.com/moodle/edumy/2/course/viewfcfc.html]
[demo.createdbycocoon.com/moodle/edumy/2/course/view8f71.html]
[demo.createdbycocoon.com/moodle/edumy/2/course/view5e01.html]
[demo.createdbycocoon.com/moodle/edumy/2/course/view2f26.html]
[demo.createdbycocoon.com/moodle/edumy/2/course/view8ac2.html]
[demo.createdbycocoon.com/moodle/edumy/2/course/viewfb45.html]
[demo.createdbycocoon.com/moodle/edumy/2/course/viewc035.html]
[demo.createdbycocoon.com/moodle/edumy/2/course/view6258.html]
[demo.createdbycocoon.com/moodle/edumy/2/course/viewfc5f.html]
[demo.createdbycocoon.com/moodle/edumy/2/course/view9e43.html]
[demo.createdbycocoon.com/moodle/edumy/2/course/view3b56.html]
[demo.createdbycocoon.com/moodle/edumy/2/course/viewea25.html]
[demo.createdbycocoon.com/moodle/edumy/2/course/viewc17c.html]
[demo.createdbycocoon.com/moodle/edumy/2/course/view9c8a.html]
[demo.createdbycocoon.com/moodle/edumy/2/course/view71d8.html]
[demo.createdbycocoon.com/moodle/edumy/2/course/view2e5f.html]
[demo.createdbycocoon.com/moodle/edumy/2/course/view25b6.html]
[demo.createdbycocoon.com/moodle/edumy/2/course/viewe5cc.html]
[demo.createdbycocoon.com/moodle/edumy/2/course/view81f7.html]
[demo.createdbycocoon.com/moodle/edumy/2/course/viewa9bc.html]
[demo.createdbycocoon.com/moodle/edumy/2/course/viewc337.html]
[demo.createdbycocoon.com/moodle/edumy/2/course/view95dc.html]
[demo.createdbycocoon.com/moodle/edumy/2/course/view5686.html]
[demo.createdbycocoon.com/moodle/edumy/2/course/viewdac1.html]
[demo.createdbycocoon.com/moodle/edumy/2/course/view41b1.html]
[demo.createdbycocoon.com/moodle/edumy/2/course/view6fb5.html]
[demo.createdbycocoon.com/moodle/edumy/2/course/view7968.html]
[demo.createdbycocoon.com/moodle/edumy/2/course/view8bcf.html]
[demo.createdbycocoon.com/moodle/edumy/2/course/viewf0de.html]
[demo.createdbycocoon.com/moodle/edumy/2/course/view1434.html]
[demo.createdbycocoon.com/moodle/edumy/2/course/view54ed.html]
[demo.createdbycocoon.com/moodle/edumy/2/course/view3773.html]
[demo.createdbycocoon.com/moodle/edumy/2/course/view0fba.html]
[demo.createdbycocoon.com/moodle/edumy/2/course/view3162.html]
[demo.createdbycocoon.com/moodle/edumy/2/course/viewfdff.html]
[demo.createdbycocoon.com/moodle/edumy/2/course/view1e35.html]
[demo.createdbycocoon.com/moodle/edumy/2/course/view4b90.html]
[demo.createdbycocoon.com/moodle/edumy/2/course/viewcdef.html]
[demo.createdbycocoon.com/moodle/edumy/2/course/view9be0.html]
[demo.createdbycocoon.com/moodle/edumy/2/course/view4411.html]
[demo.createdbycocoon.com/moodle/edumy/2/course/viewbd38.html]
[demo.createdbycocoon.com/moodle/edumy/2/course/viewf62c.html]
[demo.createdbycocoon.com/moodle/edumy/2/course/view00eb.html]
[demo.createdbycocoon.com/moodle/edumy/2/course/view40ac.html]
[demo.createdbycocoon.com/moodle/edumy/2/course/viewcd00.html]
[demo.createdbycocoon.com/moodle/edumy/2/course/viewd5e8.html]
[demo.createdbycocoon.com/moodle/edumy/2/course/viewdf9a.html]
[demo.createdbycocoon.com/moodle/edumy/2/course/viewef73.html]
[demo.createdbycocoon.com/moodle/edumy/2/course/viewfd44.html]
[demo.createdbycocoon.com/moodle/edumy/2/course/viewa916.html]
[demo.createdbycocoon.com/moodle/edumy/2/course/viewae0a.html]
[demo.createdbycocoon.com/moodle/edumy/2/course/view084d.html]
[demo.createdbycocoon.com/moodle/edumy/2/course/view8a23.html]
[demo.createdbycocoon.com/moodle/edumy/2/course/view98dc.html]
[demo.createdbycocoon.com/moodle/edumy/2/course/view6cad.html]
[demo.createdbycocoon.com/moodle/edumy/2/course/view2580.html]
[demo.createdbycocoon.com/moodle/edumy/2/course/view2def.html]
[demo.createdbycocoon.com/moodle/edumy/2/course/view6396.html]
[demo.createdbycocoon.com/moodle/edumy/2/course/view77fd.html]
[demo.createdbycocoon.com/moodle/edumy/2/course/view7df0.html]
[demo.createdbycocoon.com/moodle/edumy/2/course/view8bca.html]
[demo.createdbycocoon.com/moodle/edumy/2/course/viewab5e.html]
[demo.createdbycocoon.com/moodle/edumy/2/course/view84c7.html]
[demo.createdbycocoon.com/moodle/edumy/2/course/view4944.html]
[demo.createdbycocoon.com/moodle/edumy/2/course/view6f80.html]
[demo.createdbycocoon.com/moodle/edumy/2/course/view3ca5.html]
[demo.createdbycocoon.com/moodle/edumy/2/course/view7359.html]
[demo.createdbycocoon.com/moodle/edumy/2/course/viewfddb.html]
[demo.createdbycocoon.com/moodle/edumy/2/course/viewf44c.html]
[demo.createdbycocoon.com/moodle/edumy/2/course/view7d36.html]
[demo.createdbycocoon.com/moodle/edumy/2/course/view266c.html]
[demo.createdbycocoon.com/moodle/edumy/2/course/view0c98.html]
[demo.createdbycocoon.com/moodle/edumy/2/course/view3486.html]
[demo.createdbycocoon.com/moodle/edumy/2/course/view2568.html]
[demo.createdbycocoon.com/moodle/edumy/2/course/viewc31b.html]
[demo.createdbycocoon.com/moodle/edumy/2/course/viewbb33.html]
[demo.createdbycocoon.com/moodle/edumy/2/course/viewef13.html]
[demo.createdbycocoon.com/moodle/edumy/2/course/view37ab.html]
[demo.createdbycocoon.com/moodle/edumy/2/course/viewd833.html]
[demo.createdbycocoon.com/moodle/edumy/2/course/view011a.html]
[demo.createdbycocoon.com/moodle/edumy/2/course/view432a.html]
[demo.createdbycocoon.com/moodle/edumy/2/course/view48db.html]
[demo.createdbycocoon.com/moodle/edumy/2/course/viewb4fe.html]
[demo.createdbycocoon.com/moodle/edumy/2/course/view850a.html]
[demo.createdbycocoon.com/moodle/edumy/2/course/view8997.html]
[demo.createdbycocoon.com/moodle/edumy/2/course/viewadbc.html]
[demo.createdbycocoon.com/moodle/edumy/2/course/viewe2cb.html]
[demo.createdbycocoon.com/moodle/edumy/2/course/viewa9e4.html]
[demo.createdbycocoon.com/moodle/edumy/2/course/viewbab0.html]
[demo.createdbycocoon.com/moodle/edumy/2/course/view1e85.html]
[demo.createdbycocoon.com/moodle/edumy/2/theme/edumy/style/images/ui-icons_444444_256x240.html]
[demo.createdbycocoon.com/moodle/edumy/2/theme/edumy/style/images/ui-icons_777777_256x240.html]
[demo.createdbycocoon.com/moodle/edumy/2/theme/edumy/style/images/ui-icons_555555_256x240.html]
[demo.createdbycocoon.com/moodle/edumy/2/theme/edumy/style/images/ui-icons_ffffff_256x240.html]
[demo.createdbycocoon.com/moodle/edumy/2/theme/edumy/style/images/ui-icons_777620_256x240.html]
[demo.createdbycocoon.com/moodle/edumy/2/theme/edumy/style/images/ui-icons_cc0000_256x240.html]
[demo.createdbycocoon.com/moodle/edumy/2/theme/edumy/style/Flaticon.html]
[demo.createdbycocoon.com/moodle/edumy/2/theme/edumy/style/owl.video.play.html]
[demo.createdbycocoon.com/moodle/edumy/2/course/viewcbff.html]
[demo.createdbycocoon.com/moodle/edumy/2/course/view07a2.html]
[demo.createdbycocoon.com/moodle/edumy/2/course/view94cc.html]
[demo.createdbycocoon.com/moodle/edumy/2/course/viewfc5f.html]
[demo.createdbycocoon.com/moodle/edumy/2/course/view3b56.html]
[demo.createdbycocoon.com/moodle/edumy/2/course/viewc17c.html]
[demo.createdbycocoon.com/moodle/edumy/2/course/view71d8.html]
[demo.createdbycocoon.com/moodle/edumy/2/course/view25b6.html]
[demo.createdbycocoon.com/moodle/edumy/2/course/view81f7.html]
[demo.createdbycocoon.com/moodle/edumy/2/course/viewc337.html]
[demo.createdbycocoon.com/moodle/edumy/2/course/view5686.html]
[demo.createdbycocoon.com/moodle/edumy/2/course/view41b1.html]
[demo.createdbycocoon.com/moodle/edumy/2/course/view7968.html]
[demo.createdbycocoon.com/moodle/edumy/2/course/viewf0de.html]
[demo.createdbycocoon.com/moodle/edumy/2/course/view54ed.html]
[demo.createdbycocoon.com/moodle/edumy/2/course/view0fba.html]
[demo.createdbycocoon.com/moodle/edumy/2/course/viewfdff.html]
[demo.createdbycocoon.com/moodle/edumy/2/course/view4b90.html]
[demo.createdbycocoon.com/moodle/edumy/2/course/view9be0.html]
[demo.createdbycocoon.com/moodle/edumy/2/course/viewbd38.html]
[demo.createdbycocoon.com/moodle/edumy/2/course/view00eb.html]
[demo.createdbycocoon.com/moodle/edumy/2/course/viewcd00.html]
[demo.createdbycocoon.com/moodle/edumy/2/course/viewdf9a.html]
[demo.createdbycocoon.com/moodle/edumy/2/course/viewfd44.html]
[demo.createdbycocoon.com/moodle/edumy/2/course/viewae0a.html]
[demo.createdbycocoon.com/moodle/edumy/2/course/view8a23.html]
[demo.createdbycocoon.com/moodle/edumy/2/course/view6cad.html]
[demo.createdbycocoon.com/moodle/edumy/2/course/view2def.html]
[demo.createdbycocoon.com/moodle/edumy/2/course/view77fd.html]
[demo.createdbycocoon.com/moodle/edumy/2/course/view8bca.html]
[demo.createdbycocoon.com/moodle/edumy/2/course/view84c7.html]
[demo.createdbycocoon.com/moodle/edumy/2/course/view6f80.html]
[demo.createdbycocoon.com/moodle/edumy/2/course/view7359.html]
[demo.createdbycocoon.com/moodle/edumy/2/course/viewf44c.html]
[demo.createdbycocoon.com/moodle/edumy/2/course/view266c.html]
[demo.createdbycocoon.com/moodle/edumy/2/course/view3486.html]
[demo.createdbycocoon.com/moodle/edumy/2/course/viewc31b.html]
[demo.createdbycocoon.com/moodle/edumy/2/course/viewef13.html]
[demo.createdbycocoon.com/moodle/edumy/2/course/viewd833.html]
[demo.createdbycocoon.com/moodle/edumy/2/course/view432a.html]
[demo.createdbycocoon.com/moodle/edumy/2/course/viewb4fe.html]
[demo.createdbycocoon.com/moodle/edumy/2/course/view8997.html]
[demo.createdbycocoon.com/moodle/edumy/2/course/viewe2cb.html]
[demo.createdbycocoon.com/moodle/edumy/2/course/viewbab0.html]
[demo.createdbycocoon.com/moodle/edumy/2/course/view07a2.html]
